::ffff:127.0.0.1 - - [17/Apr/2021:05:45:24 +0000] "GET /api/v1/blog/22 HTTP/1.1" 200 153 "http://localhost:3000/" "Mozilla/5.0 (Windows NT 6.1; Win64; x64) AppleWebKit/537.36 (KHTML, like Gecko) Chrome/90.0.4430.72 Safari/537.36"
::ffff:127.0.0.1 - - [17/Apr/2021:05:45:24 +0000] "GET /api/v1/blog HTTP/1.1" 200 516 "http://localhost:3000/" "Mozilla/5.0 (Windows NT 6.1; Win64; x64) AppleWebKit/537.36 (KHTML, like Gecko) Chrome/90.0.4430.72 Safari/537.36"
::ffff:127.0.0.1 - - [17/Apr/2021:05:45:24 +0000] "GET /api/v1/user/22 HTTP/1.1" 500 347 "http://localhost:3000/" "Mozilla/5.0 (Windows NT 6.1; Win64; x64) AppleWebKit/537.36 (KHTML, like Gecko) Chrome/90.0.4430.72 Safari/537.36"
::1 - - [17/Apr/2021:05:45:24 +0000] "GET /api/v1/blog/photo/null HTTP/1.1" 404 236 "http://localhost:3000/" "Mozilla/5.0 (Windows NT 6.1; Win64; x64) AppleWebKit/537.36 (KHTML, like Gecko) Chrome/90.0.4430.72 Safari/537.36"
::1 - - [17/Apr/2021:05:45:32 +0000] "PUT /api/v1/blog/22 HTTP/1.1" 200 175 "http://localhost:3000/" "Mozilla/5.0 (Windows NT 6.1; Win64; x64) AppleWebKit/537.36 (KHTML, like Gecko) Chrome/90.0.4430.72 Safari/537.36"
::ffff:127.0.0.1 - - [17/Apr/2021:05:45:34 +0000] "GET /api/v1/blog/undefined HTTP/1.1" 500 344 "http://localhost:3000/" "Mozilla/5.0 (Windows NT 6.1; Win64; x64) AppleWebKit/537.36 (KHTML, like Gecko) Chrome/90.0.4430.72 Safari/537.36"
::ffff:127.0.0.1 - - [17/Apr/2021:05:45:34 +0000] "GET /api/v1/blog HTTP/1.1" 200 538 "http://localhost:3000/" "Mozilla/5.0 (Windows NT 6.1; Win64; x64) AppleWebKit/537.36 (KHTML, like Gecko) Chrome/90.0.4430.72 Safari/537.36"
::ffff:127.0.0.1 - - [17/Apr/2021:05:45:34 +0000] "GET /api/v1/user/undefined HTTP/1.1" 500 354 "http://localhost:3000/" "Mozilla/5.0 (Windows NT 6.1; Win64; x64) AppleWebKit/537.36 (KHTML, like Gecko) Chrome/90.0.4430.72 Safari/537.36"
::1 - - [17/Apr/2021:05:45:34 +0000] "GET /api/v1/blog/photo/null HTTP/1.1" 404 236 "http://localhost:3000/" "Mozilla/5.0 (Windows NT 6.1; Win64; x64) AppleWebKit/537.36 (KHTML, like Gecko) Chrome/90.0.4430.72 Safari/537.36"
::ffff:127.0.0.1 - - [17/Apr/2021:05:45:36 +0000] "GET /api/v1/blog/22 HTTP/1.1" 200 175 "http://localhost:3000/" "Mozilla/5.0 (Windows NT 6.1; Win64; x64) AppleWebKit/537.36 (KHTML, like Gecko) Chrome/90.0.4430.72 Safari/537.36"
::ffff:127.0.0.1 - - [17/Apr/2021:05:45:36 +0000] "GET /api/v1/user/22 HTTP/1.1" 500 347 "http://localhost:3000/" "Mozilla/5.0 (Windows NT 6.1; Win64; x64) AppleWebKit/537.36 (KHTML, like Gecko) Chrome/90.0.4430.72 Safari/537.36"
::1 - - [17/Apr/2021:05:45:36 +0000] "GET /api/v1/blog/photo/null HTTP/1.1" 404 236 "http://localhost:3000/" "Mozilla/5.0 (Windows NT 6.1; Win64; x64) AppleWebKit/537.36 (KHTML, like Gecko) Chrome/90.0.4430.72 Safari/537.36"
::1 - - [17/Apr/2021:05:45:39 +0000] "PUT /api/v1/blog/22 HTTP/1.1" 200 201 "http://localhost:3000/" "Mozilla/5.0 (Windows NT 6.1; Win64; x64) AppleWebKit/537.36 (KHTML, like Gecko) Chrome/90.0.4430.72 Safari/537.36"
::ffff:127.0.0.1 - - [17/Apr/2021:05:45:40 +0000] "GET /api/v1/blog/undefined HTTP/1.1" 500 344 "http://localhost:3000/" "Mozilla/5.0 (Windows NT 6.1; Win64; x64) AppleWebKit/537.36 (KHTML, like Gecko) Chrome/90.0.4430.72 Safari/537.36"
::ffff:127.0.0.1 - - [17/Apr/2021:05:45:40 +0000] "GET /api/v1/blog HTTP/1.1" 200 564 "http://localhost:3000/" "Mozilla/5.0 (Windows NT 6.1; Win64; x64) AppleWebKit/537.36 (KHTML, like Gecko) Chrome/90.0.4430.72 Safari/537.36"
::ffff:127.0.0.1 - - [17/Apr/2021:05:45:40 +0000] "GET /api/v1/user/undefined HTTP/1.1" 500 354 "http://localhost:3000/" "Mozilla/5.0 (Windows NT 6.1; Win64; x64) AppleWebKit/537.36 (KHTML, like Gecko) Chrome/90.0.4430.72 Safari/537.36"
::1 - - [17/Apr/2021:05:45:40 +0000] "GET /api/v1/blog/photo/null HTTP/1.1" 404 236 "http://localhost:3000/" "Mozilla/5.0 (Windows NT 6.1; Win64; x64) AppleWebKit/537.36 (KHTML, like Gecko) Chrome/90.0.4430.72 Safari/537.36"
::ffff:127.0.0.1 - - [17/Apr/2021:05:45:46 +0000] "GET /api/v1/blog/undefined HTTP/1.1" 500 344 "http://localhost:3000/" "Mozilla/5.0 (Windows NT 6.1; Win64; x64) AppleWebKit/537.36 (KHTML, like Gecko) Chrome/90.0.4430.72 Safari/537.36"
::ffff:127.0.0.1 - - [17/Apr/2021:05:45:46 +0000] "GET /api/v1/blog HTTP/1.1" 304 - "http://localhost:3000/" "Mozilla/5.0 (Windows NT 6.1; Win64; x64) AppleWebKit/537.36 (KHTML, like Gecko) Chrome/90.0.4430.72 Safari/537.36"
::1 - - [17/Apr/2021:05:45:47 +0000] "GET /api/v1/blog/photo/null HTTP/1.1" 404 236 "http://localhost:3000/" "Mozilla/5.0 (Windows NT 6.1; Win64; x64) AppleWebKit/537.36 (KHTML, like Gecko) Chrome/90.0.4430.72 Safari/537.36"
::ffff:127.0.0.1 - - [17/Apr/2021:05:45:47 +0000] "GET /api/v1/blog/undefined HTTP/1.1" 500 344 "http://localhost:3000/" "Mozilla/5.0 (Windows NT 6.1; Win64; x64) AppleWebKit/537.36 (KHTML, like Gecko) Chrome/90.0.4430.72 Safari/537.36"
::ffff:127.0.0.1 - - [17/Apr/2021:05:45:47 +0000] "GET /api/v1/blog HTTP/1.1" 304 - "http://localhost:3000/" "Mozilla/5.0 (Windows NT 6.1; Win64; x64) AppleWebKit/537.36 (KHTML, like Gecko) Chrome/90.0.4430.72 Safari/537.36"
::1 - - [17/Apr/2021:05:45:48 +0000] "GET /api/v1/blog/photo/null HTTP/1.1" 404 236 "http://localhost:3000/" "Mozilla/5.0 (Windows NT 6.1; Win64; x64) AppleWebKit/537.36 (KHTML, like Gecko) Chrome/90.0.4430.72 Safari/537.36"
::ffff:127.0.0.1 - - [17/Apr/2021:05:45:51 +0000] "GET /api/v1/blog/22 HTTP/1.1" 200 201 "http://localhost:3000/" "Mozilla/5.0 (Windows NT 6.1; Win64; x64) AppleWebKit/537.36 (KHTML, like Gecko) Chrome/90.0.4430.72 Safari/537.36"
::ffff:127.0.0.1 - - [17/Apr/2021:05:45:51 +0000] "GET /api/v1/blog HTTP/1.1" 304 - "http://localhost:3000/" "Mozilla/5.0 (Windows NT 6.1; Win64; x64) AppleWebKit/537.36 (KHTML, like Gecko) Chrome/90.0.4430.72 Safari/537.36"
::1 - - [17/Apr/2021:05:45:51 +0000] "GET /api/v1/blog/photo/null HTTP/1.1" 404 236 "http://localhost:3000/" "Mozilla/5.0 (Windows NT 6.1; Win64; x64) AppleWebKit/537.36 (KHTML, like Gecko) Chrome/90.0.4430.72 Safari/537.36"
::1 - - [17/Apr/2021:05:46:03 +0000] "POST /api/v1/login HTTP/1.1" 200 413 "http://localhost:3000/" "Mozilla/5.0 (Windows NT 6.1; Win64; x64) AppleWebKit/537.36 (KHTML, like Gecko) Chrome/90.0.4430.72 Safari/537.36"
::ffff:127.0.0.1 - - [17/Apr/2021:05:46:04 +0000] "GET /api/v1/blog/undefined HTTP/1.1" 500 344 "http://localhost:3000/" "Mozilla/5.0 (Windows NT 6.1; Win64; x64) AppleWebKit/537.36 (KHTML, like Gecko) Chrome/90.0.4430.72 Safari/537.36"
::ffff:127.0.0.1 - - [17/Apr/2021:05:46:04 +0000] "GET /api/v1/blog HTTP/1.1" 304 - "http://localhost:3000/" "Mozilla/5.0 (Windows NT 6.1; Win64; x64) AppleWebKit/537.36 (KHTML, like Gecko) Chrome/90.0.4430.72 Safari/537.36"
::ffff:127.0.0.1 - - [17/Apr/2021:05:46:04 +0000] "GET /api/v1/user/undefined HTTP/1.1" 500 354 "http://localhost:3000/" "Mozilla/5.0 (Windows NT 6.1; Win64; x64) AppleWebKit/537.36 (KHTML, like Gecko) Chrome/90.0.4430.72 Safari/537.36"
::1 - - [17/Apr/2021:05:46:04 +0000] "GET /api/v1/blog/photo/null HTTP/1.1" 404 236 "http://localhost:3000/" "Mozilla/5.0 (Windows NT 6.1; Win64; x64) AppleWebKit/537.36 (KHTML, like Gecko) Chrome/90.0.4430.72 Safari/537.36"
::ffff:127.0.0.1 - - [17/Apr/2021:05:46:09 +0000] "DELETE /api/v1/blog/22 HTTP/1.1" 200 234 "http://localhost:3000/" "Mozilla/5.0 (Windows NT 6.1; Win64; x64) AppleWebKit/537.36 (KHTML, like Gecko) Chrome/90.0.4430.72 Safari/537.36"
::ffff:127.0.0.1 - - [17/Apr/2021:05:46:10 +0000] "GET /api/v1/blog/undefined HTTP/1.1" 500 344 "http://localhost:3000/" "Mozilla/5.0 (Windows NT 6.1; Win64; x64) AppleWebKit/537.36 (KHTML, like Gecko) Chrome/90.0.4430.72 Safari/537.36"
::ffff:127.0.0.1 - - [17/Apr/2021:05:46:10 +0000] "GET /api/v1/blog HTTP/1.1" 200 386 "http://localhost:3000/" "Mozilla/5.0 (Windows NT 6.1; Win64; x64) AppleWebKit/537.36 (KHTML, like Gecko) Chrome/90.0.4430.72 Safari/537.36"
::ffff:127.0.0.1 - - [17/Apr/2021:05:46:10 +0000] "GET /api/v1/user/undefined HTTP/1.1" 500 354 "http://localhost:3000/" "Mozilla/5.0 (Windows NT 6.1; Win64; x64) AppleWebKit/537.36 (KHTML, like Gecko) Chrome/90.0.4430.72 Safari/537.36"
::1 - - [17/Apr/2021:05:46:10 +0000] "GET /api/v1/blog/photo/null HTTP/1.1" 404 236 "http://localhost:3000/" "Mozilla/5.0 (Windows NT 6.1; Win64; x64) AppleWebKit/537.36 (KHTML, like Gecko) Chrome/90.0.4430.72 Safari/537.36"
::ffff:127.0.0.1 - - [17/Apr/2021:05:46:12 +0000] "GET /api/v1/blog/undefined HTTP/1.1" 500 344 "http://localhost:3000/" "Mozilla/5.0 (Windows NT 6.1; Win64; x64) AppleWebKit/537.36 (KHTML, like Gecko) Chrome/90.0.4430.72 Safari/537.36"
::ffff:127.0.0.1 - - [17/Apr/2021:05:46:12 +0000] "GET /api/v1/user HTTP/1.1" 304 - "http://localhost:3000/" "Mozilla/5.0 (Windows NT 6.1; Win64; x64) AppleWebKit/537.36 (KHTML, like Gecko) Chrome/90.0.4430.72 Safari/537.36"
::ffff:127.0.0.1 - - [17/Apr/2021:05:46:12 +0000] "GET /api/v1/user/undefined HTTP/1.1" 500 354 "http://localhost:3000/" "Mozilla/5.0 (Windows NT 6.1; Win64; x64) AppleWebKit/537.36 (KHTML, like Gecko) Chrome/90.0.4430.72 Safari/537.36"
::ffff:127.0.0.1 - - [17/Apr/2021:05:46:12 +0000] "GET /api/v1/blog/photo/no-profile-picture.jpg HTTP/1.1" 304 - "http://localhost:3000/" "Mozilla/5.0 (Windows NT 6.1; Win64; x64) AppleWebKit/537.36 (KHTML, like Gecko) Chrome/90.0.4430.72 Safari/537.36"
::ffff:127.0.0.1 - - [17/Apr/2021:05:47:07 +0000] "GET /api/v1/blog/undefined HTTP/1.1" 500 344 "http://localhost:3000/" "Mozilla/5.0 (Windows NT 6.1; Win64; x64) AppleWebKit/537.36 (KHTML, like Gecko) Chrome/90.0.4430.72 Safari/537.36"
::ffff:127.0.0.1 - - [17/Apr/2021:05:47:07 +0000] "GET /api/v1/user HTTP/1.1" 304 - "http://localhost:3000/" "Mozilla/5.0 (Windows NT 6.1; Win64; x64) AppleWebKit/537.36 (KHTML, like Gecko) Chrome/90.0.4430.72 Safari/537.36"
::ffff:127.0.0.1 - - [17/Apr/2021:05:47:07 +0000] "GET /api/v1/user/undefined HTTP/1.1" 500 354 "http://localhost:3000/" "Mozilla/5.0 (Windows NT 6.1; Win64; x64) AppleWebKit/537.36 (KHTML, like Gecko) Chrome/90.0.4430.72 Safari/537.36"
::ffff:127.0.0.1 - - [17/Apr/2021:05:47:07 +0000] "GET /api/v1/blog/photo/no-profile-picture.jpg HTTP/1.1" 304 - "http://localhost:3000/" "Mozilla/5.0 (Windows NT 6.1; Win64; x64) AppleWebKit/537.36 (KHTML, like Gecko) Chrome/90.0.4430.72 Safari/537.36"
::ffff:127.0.0.1 - - [17/Apr/2021:05:47:10 +0000] "GET /api/v1/blog/V7mXED-BO HTTP/1.1" 500 344 "http://localhost:3000/" "Mozilla/5.0 (Windows NT 6.1; Win64; x64) AppleWebKit/537.36 (KHTML, like Gecko) Chrome/90.0.4430.72 Safari/537.36"
::ffff:127.0.0.1 - - [17/Apr/2021:05:47:10 +0000] "GET /api/v1/user/V7mXED-BO HTTP/1.1" 304 - "http://localhost:3000/" "Mozilla/5.0 (Windows NT 6.1; Win64; x64) AppleWebKit/537.36 (KHTML, like Gecko) Chrome/90.0.4430.72 Safari/537.36"
::1 - - [17/Apr/2021:05:47:10 +0000] "GET /api/v1/blog/photo/undefined HTTP/1.1" 404 241 "http://localhost:3000/" "Mozilla/5.0 (Windows NT 6.1; Win64; x64) AppleWebKit/537.36 (KHTML, like Gecko) Chrome/90.0.4430.72 Safari/537.36"
::ffff:127.0.0.1 - - [17/Apr/2021:05:47:19 +0000] "GET /api/v1/blog/V7mXED-BO HTTP/1.1" 500 344 "http://localhost:3000/" "Mozilla/5.0 (Windows NT 6.1; Win64; x64) AppleWebKit/537.36 (KHTML, like Gecko) Chrome/90.0.4430.72 Safari/537.36"
::ffff:127.0.0.1 - - [17/Apr/2021:05:47:19 +0000] "GET /api/v1/user HTTP/1.1" 304 - "http://localhost:3000/" "Mozilla/5.0 (Windows NT 6.1; Win64; x64) AppleWebKit/537.36 (KHTML, like Gecko) Chrome/90.0.4430.72 Safari/537.36"
::ffff:127.0.0.1 - - [17/Apr/2021:05:47:19 +0000] "GET /api/v1/user/V7mXED-BO HTTP/1.1" 304 - "http://localhost:3000/" "Mozilla/5.0 (Windows NT 6.1; Win64; x64) AppleWebKit/537.36 (KHTML, like Gecko) Chrome/90.0.4430.72 Safari/537.36"
::ffff:127.0.0.1 - - [17/Apr/2021:05:47:19 +0000] "GET /api/v1/blog/photo/no-profile-picture.jpg HTTP/1.1" 304 - "http://localhost:3000/" "Mozilla/5.0 (Windows NT 6.1; Win64; x64) AppleWebKit/537.36 (KHTML, like Gecko) Chrome/90.0.4430.72 Safari/537.36"
::1 - - [17/Apr/2021:05:47:19 +0000] "GET /api/v1/blog/photo/undefined HTTP/1.1" 404 241 "http://localhost:3000/" "Mozilla/5.0 (Windows NT 6.1; Win64; x64) AppleWebKit/537.36 (KHTML, like Gecko) Chrome/90.0.4430.72 Safari/537.36"
::ffff:127.0.0.1 - - [17/Apr/2021:05:48:08 +0000] "GET /api/v1/blog/V7mXED-BO HTTP/1.1" 500 344 "http://localhost:3000/" "Mozilla/5.0 (Windows NT 6.1; Win64; x64) AppleWebKit/537.36 (KHTML, like Gecko) Chrome/90.0.4430.72 Safari/537.36"
::ffff:127.0.0.1 - - [17/Apr/2021:05:48:08 +0000] "GET /api/v1/user HTTP/1.1" 304 - "http://localhost:3000/" "Mozilla/5.0 (Windows NT 6.1; Win64; x64) AppleWebKit/537.36 (KHTML, like Gecko) Chrome/90.0.4430.72 Safari/537.36"
::ffff:127.0.0.1 - - [17/Apr/2021:05:48:08 +0000] "GET /api/v1/user/V7mXED-BO HTTP/1.1" 304 - "http://localhost:3000/" "Mozilla/5.0 (Windows NT 6.1; Win64; x64) AppleWebKit/537.36 (KHTML, like Gecko) Chrome/90.0.4430.72 Safari/537.36"
::1 - - [17/Apr/2021:05:48:08 +0000] "GET /api/v1/blog/photo/undefined HTTP/1.1" 404 241 "http://localhost:3000/" "Mozilla/5.0 (Windows NT 6.1; Win64; x64) AppleWebKit/537.36 (KHTML, like Gecko) Chrome/90.0.4430.72 Safari/537.36"
::ffff:127.0.0.1 - - [17/Apr/2021:05:48:08 +0000] "GET /api/v1/blog/photo/no-profile-picture.jpg HTTP/1.1" 304 - "http://localhost:3000/" "Mozilla/5.0 (Windows NT 6.1; Win64; x64) AppleWebKit/537.36 (KHTML, like Gecko) Chrome/90.0.4430.72 Safari/537.36"
::ffff:127.0.0.1 - - [17/Apr/2021:05:49:47 +0000] "GET /api/v1/blog/V7mXED-BO HTTP/1.1" 500 344 "http://localhost:3000/" "Mozilla/5.0 (Windows NT 6.1; Win64; x64) AppleWebKit/537.36 (KHTML, like Gecko) Chrome/90.0.4430.72 Safari/537.36"
::ffff:127.0.0.1 - - [17/Apr/2021:05:49:47 +0000] "GET /api/v1/user HTTP/1.1" 304 - "http://localhost:3000/" "Mozilla/5.0 (Windows NT 6.1; Win64; x64) AppleWebKit/537.36 (KHTML, like Gecko) Chrome/90.0.4430.72 Safari/537.36"
::ffff:127.0.0.1 - - [17/Apr/2021:05:49:47 +0000] "GET /api/v1/user/V7mXED-BO HTTP/1.1" 304 - "http://localhost:3000/" "Mozilla/5.0 (Windows NT 6.1; Win64; x64) AppleWebKit/537.36 (KHTML, like Gecko) Chrome/90.0.4430.72 Safari/537.36"
::ffff:127.0.0.1 - - [17/Apr/2021:05:49:48 +0000] "GET /api/v1/blog/photo/no-profile-picture.jpg HTTP/1.1" 304 - "http://localhost:3000/" "Mozilla/5.0 (Windows NT 6.1; Win64; x64) AppleWebKit/537.36 (KHTML, like Gecko) Chrome/90.0.4430.72 Safari/537.36"
::1 - - [17/Apr/2021:05:49:48 +0000] "GET /api/v1/blog/photo/undefined HTTP/1.1" 404 241 "http://localhost:3000/" "Mozilla/5.0 (Windows NT 6.1; Win64; x64) AppleWebKit/537.36 (KHTML, like Gecko) Chrome/90.0.4430.72 Safari/537.36"
::ffff:127.0.0.1 - - [17/Apr/2021:05:49:56 +0000] "GET /api/v1/blog/V7mXED-BO HTTP/1.1" 500 344 "http://localhost:3000/" "Mozilla/5.0 (Windows NT 6.1; Win64; x64) AppleWebKit/537.36 (KHTML, like Gecko) Chrome/90.0.4430.72 Safari/537.36"
::ffff:127.0.0.1 - - [17/Apr/2021:05:49:56 +0000] "GET /api/v1/user HTTP/1.1" 304 - "http://localhost:3000/" "Mozilla/5.0 (Windows NT 6.1; Win64; x64) AppleWebKit/537.36 (KHTML, like Gecko) Chrome/90.0.4430.72 Safari/537.36"
::ffff:127.0.0.1 - - [17/Apr/2021:05:49:57 +0000] "GET /api/v1/user/V7mXED-BO HTTP/1.1" 304 - "http://localhost:3000/" "Mozilla/5.0 (Windows NT 6.1; Win64; x64) AppleWebKit/537.36 (KHTML, like Gecko) Chrome/90.0.4430.72 Safari/537.36"
::ffff:127.0.0.1 - - [17/Apr/2021:05:49:57 +0000] "GET /api/v1/blog/photo/no-profile-picture.jpg HTTP/1.1" 304 - "http://localhost:3000/" "Mozilla/5.0 (Windows NT 6.1; Win64; x64) AppleWebKit/537.36 (KHTML, like Gecko) Chrome/90.0.4430.72 Safari/537.36"
::1 - - [17/Apr/2021:05:49:57 +0000] "GET /api/v1/blog/photo/undefined HTTP/1.1" 404 241 "http://localhost:3000/" "Mozilla/5.0 (Windows NT 6.1; Win64; x64) AppleWebKit/537.36 (KHTML, like Gecko) Chrome/90.0.4430.72 Safari/537.36"
::ffff:127.0.0.1 - - [17/Apr/2021:05:56:54 +0000] "GET /api/v1/blog/undefined HTTP/1.1" 500 344 "http://localhost:3000/" "Mozilla/5.0 (Windows NT 6.1; Win64; x64) AppleWebKit/537.36 (KHTML, like Gecko) Chrome/90.0.4430.72 Safari/537.36"
::ffff:127.0.0.1 - - [17/Apr/2021:05:56:54 +0000] "GET /api/v1/user HTTP/1.1" 304 - "http://localhost:3000/" "Mozilla/5.0 (Windows NT 6.1; Win64; x64) AppleWebKit/537.36 (KHTML, like Gecko) Chrome/90.0.4430.72 Safari/537.36"
::ffff:127.0.0.1 - - [17/Apr/2021:05:56:54 +0000] "GET /api/v1/user/undefined HTTP/1.1" 500 354 "http://localhost:3000/" "Mozilla/5.0 (Windows NT 6.1; Win64; x64) AppleWebKit/537.36 (KHTML, like Gecko) Chrome/90.0.4430.72 Safari/537.36"
::ffff:127.0.0.1 - - [17/Apr/2021:05:56:54 +0000] "GET /api/v1/blog/photo/no-profile-picture.jpg HTTP/1.1" 304 - "http://localhost:3000/" "Mozilla/5.0 (Windows NT 6.1; Win64; x64) AppleWebKit/537.36 (KHTML, like Gecko) Chrome/90.0.4430.72 Safari/537.36"
::ffff:127.0.0.1 - - [17/Apr/2021:05:56:57 +0000] "GET /api/v1/blog/undefined HTTP/1.1" 500 344 "http://localhost:3000/" "Mozilla/5.0 (Windows NT 6.1; Win64; x64) AppleWebKit/537.36 (KHTML, like Gecko) Chrome/90.0.4430.72 Safari/537.36"
::ffff:127.0.0.1 - - [17/Apr/2021:05:56:57 +0000] "GET /api/v1/user HTTP/1.1" 304 - "http://localhost:3000/" "Mozilla/5.0 (Windows NT 6.1; Win64; x64) AppleWebKit/537.36 (KHTML, like Gecko) Chrome/90.0.4430.72 Safari/537.36"
::ffff:127.0.0.1 - - [17/Apr/2021:05:56:57 +0000] "GET /api/v1/user/undefined HTTP/1.1" 500 354 "http://localhost:3000/" "Mozilla/5.0 (Windows NT 6.1; Win64; x64) AppleWebKit/537.36 (KHTML, like Gecko) Chrome/90.0.4430.72 Safari/537.36"
::ffff:127.0.0.1 - - [17/Apr/2021:05:56:57 +0000] "GET /api/v1/blog/photo/no-profile-picture.jpg HTTP/1.1" 304 - "http://localhost:3000/" "Mozilla/5.0 (Windows NT 6.1; Win64; x64) AppleWebKit/537.36 (KHTML, like Gecko) Chrome/90.0.4430.72 Safari/537.36"
::ffff:127.0.0.1 - - [17/Apr/2021:05:56:58 +0000] "GET /api/v1/blog/V7mXED-BO HTTP/1.1" 500 344 "http://localhost:3000/" "Mozilla/5.0 (Windows NT 6.1; Win64; x64) AppleWebKit/537.36 (KHTML, like Gecko) Chrome/90.0.4430.72 Safari/537.36"
::ffff:127.0.0.1 - - [17/Apr/2021:05:56:58 +0000] "GET /api/v1/user/V7mXED-BO HTTP/1.1" 304 - "http://localhost:3000/" "Mozilla/5.0 (Windows NT 6.1; Win64; x64) AppleWebKit/537.36 (KHTML, like Gecko) Chrome/90.0.4430.72 Safari/537.36"
::1 - - [17/Apr/2021:05:56:58 +0000] "GET /api/v1/blog/photo/undefined HTTP/1.1" 404 241 "http://localhost:3000/" "Mozilla/5.0 (Windows NT 6.1; Win64; x64) AppleWebKit/537.36 (KHTML, like Gecko) Chrome/90.0.4430.72 Safari/537.36"
::1 - - [17/Apr/2021:05:57:03 +0000] "PUT /api/v1/user/V7mXED-BO HTTP/1.1" 200 191 "http://localhost:3000/" "Mozilla/5.0 (Windows NT 6.1; Win64; x64) AppleWebKit/537.36 (KHTML, like Gecko) Chrome/90.0.4430.72 Safari/537.36"
::ffff:127.0.0.1 - - [17/Apr/2021:05:57:03 +0000] "GET /api/v1/blog/undefined HTTP/1.1" 500 344 "http://localhost:3000/" "Mozilla/5.0 (Windows NT 6.1; Win64; x64) AppleWebKit/537.36 (KHTML, like Gecko) Chrome/90.0.4430.72 Safari/537.36"
::ffff:127.0.0.1 - - [17/Apr/2021:05:57:03 +0000] "GET /api/v1/user HTTP/1.1" 200 203 "http://localhost:3000/" "Mozilla/5.0 (Windows NT 6.1; Win64; x64) AppleWebKit/537.36 (KHTML, like Gecko) Chrome/90.0.4430.72 Safari/537.36"
::ffff:127.0.0.1 - - [17/Apr/2021:05:57:03 +0000] "GET /api/v1/user/undefined HTTP/1.1" 500 354 "http://localhost:3000/" "Mozilla/5.0 (Windows NT 6.1; Win64; x64) AppleWebKit/537.36 (KHTML, like Gecko) Chrome/90.0.4430.72 Safari/537.36"
::ffff:127.0.0.1 - - [17/Apr/2021:05:57:03 +0000] "GET /api/v1/blog/photo/no-profile-picture.jpg HTTP/1.1" 304 - "http://localhost:3000/" "Mozilla/5.0 (Windows NT 6.1; Win64; x64) AppleWebKit/537.36 (KHTML, like Gecko) Chrome/90.0.4430.72 Safari/537.36"
::ffff:127.0.0.1 - - [17/Apr/2021:05:57:06 +0000] "GET /api/v1/blog/V7mXED-BO HTTP/1.1" 500 344 "http://localhost:3000/" "Mozilla/5.0 (Windows NT 6.1; Win64; x64) AppleWebKit/537.36 (KHTML, like Gecko) Chrome/90.0.4430.72 Safari/537.36"
::ffff:127.0.0.1 - - [17/Apr/2021:05:57:06 +0000] "GET /api/v1/user/V7mXED-BO HTTP/1.1" 200 191 "http://localhost:3000/" "Mozilla/5.0 (Windows NT 6.1; Win64; x64) AppleWebKit/537.36 (KHTML, like Gecko) Chrome/90.0.4430.72 Safari/537.36"
::1 - - [17/Apr/2021:05:57:06 +0000] "GET /api/v1/blog/photo/undefined HTTP/1.1" 404 241 "http://localhost:3000/" "Mozilla/5.0 (Windows NT 6.1; Win64; x64) AppleWebKit/537.36 (KHTML, like Gecko) Chrome/90.0.4430.72 Safari/537.36"
::1 - - [17/Apr/2021:05:57:08 +0000] "PUT /api/v1/user/V7mXED-BO HTTP/1.1" 200 189 "http://localhost:3000/" "Mozilla/5.0 (Windows NT 6.1; Win64; x64) AppleWebKit/537.36 (KHTML, like Gecko) Chrome/90.0.4430.72 Safari/537.36"
::ffff:127.0.0.1 - - [17/Apr/2021:05:57:10 +0000] "GET /api/v1/blog/undefined HTTP/1.1" 500 344 "http://localhost:3000/" "Mozilla/5.0 (Windows NT 6.1; Win64; x64) AppleWebKit/537.36 (KHTML, like Gecko) Chrome/90.0.4430.72 Safari/537.36"
::ffff:127.0.0.1 - - [17/Apr/2021:05:57:10 +0000] "GET /api/v1/user HTTP/1.1" 200 201 "http://localhost:3000/" "Mozilla/5.0 (Windows NT 6.1; Win64; x64) AppleWebKit/537.36 (KHTML, like Gecko) Chrome/90.0.4430.72 Safari/537.36"
::ffff:127.0.0.1 - - [17/Apr/2021:05:57:10 +0000] "GET /api/v1/user/undefined HTTP/1.1" 500 354 "http://localhost:3000/" "Mozilla/5.0 (Windows NT 6.1; Win64; x64) AppleWebKit/537.36 (KHTML, like Gecko) Chrome/90.0.4430.72 Safari/537.36"
::ffff:127.0.0.1 - - [17/Apr/2021:05:57:10 +0000] "GET /api/v1/blog/photo/no-profile-picture.jpg HTTP/1.1" 304 - "http://localhost:3000/" "Mozilla/5.0 (Windows NT 6.1; Win64; x64) AppleWebKit/537.36 (KHTML, like Gecko) Chrome/90.0.4430.72 Safari/537.36"
::ffff:127.0.0.1 - - [17/Apr/2021:05:57:20 +0000] "DELETE /api/v1/user/V7mXED-BO HTTP/1.1" 200 222 "http://localhost:3000/" "Mozilla/5.0 (Windows NT 6.1; Win64; x64) AppleWebKit/537.36 (KHTML, like Gecko) Chrome/90.0.4430.72 Safari/537.36"
::ffff:127.0.0.1 - - [17/Apr/2021:05:57:21 +0000] "GET /api/v1/blog/undefined HTTP/1.1" 500 344 "http://localhost:3000/" "Mozilla/5.0 (Windows NT 6.1; Win64; x64) AppleWebKit/537.36 (KHTML, like Gecko) Chrome/90.0.4430.72 Safari/537.36"
::ffff:127.0.0.1 - - [17/Apr/2021:05:57:21 +0000] "GET /api/v1/user HTTP/1.1" 200 36 "http://localhost:3000/" "Mozilla/5.0 (Windows NT 6.1; Win64; x64) AppleWebKit/537.36 (KHTML, like Gecko) Chrome/90.0.4430.72 Safari/537.36"
::ffff:127.0.0.1 - - [17/Apr/2021:05:57:21 +0000] "GET /api/v1/user/undefined HTTP/1.1" 500 354 "http://localhost:3000/" "Mozilla/5.0 (Windows NT 6.1; Win64; x64) AppleWebKit/537.36 (KHTML, like Gecko) Chrome/90.0.4430.72 Safari/537.36"
::ffff:127.0.0.1 - - [17/Apr/2021:05:57:23 +0000] "GET /api/v1/blog/undefined HTTP/1.1" 500 398 "http://localhost:3000/" "Mozilla/5.0 (Windows NT 6.1; Win64; x64) AppleWebKit/537.36 (KHTML, like Gecko) Chrome/90.0.4430.72 Safari/537.36"
::ffff:127.0.0.1 - - [17/Apr/2021:05:57:23 +0000] "GET /api/v1/blog HTTP/1.1" 304 - "http://localhost:3000/" "Mozilla/5.0 (Windows NT 6.1; Win64; x64) AppleWebKit/537.36 (KHTML, like Gecko) Chrome/90.0.4430.72 Safari/537.36"
::ffff:127.0.0.1 - - [17/Apr/2021:05:57:23 +0000] "GET /api/v1/blog/undefined HTTP/1.1" 500 398 "http://localhost:3000/" "Mozilla/5.0 (Windows NT 6.1; Win64; x64) AppleWebKit/537.36 (KHTML, like Gecko) Chrome/90.0.4430.72 Safari/537.36"
::ffff:127.0.0.1 - - [17/Apr/2021:05:57:23 +0000] "GET /api/v1/blog HTTP/1.1" 304 - "http://localhost:3000/" "Mozilla/5.0 (Windows NT 6.1; Win64; x64) AppleWebKit/537.36 (KHTML, like Gecko) Chrome/90.0.4430.72 Safari/537.36"
::1 - - [17/Apr/2021:05:57:24 +0000] "GET /api/v1/blog/photo/null HTTP/1.1" 404 236 "http://localhost:3000/" "Mozilla/5.0 (Windows NT 6.1; Win64; x64) AppleWebKit/537.36 (KHTML, like Gecko) Chrome/90.0.4430.72 Safari/537.36"
::1 - - [17/Apr/2021:05:57:43 +0000] "POST /api/v1/register HTTP/1.1" 200 388 "http://localhost:3000/" "Mozilla/5.0 (Windows NT 6.1; Win64; x64) AppleWebKit/537.36 (KHTML, like Gecko) Chrome/90.0.4430.72 Safari/537.36"
::ffff:127.0.0.1 - - [17/Apr/2021:05:57:44 +0000] "GET /api/v1/blog/undefined HTTP/1.1" 500 398 "http://localhost:3000/" "Mozilla/5.0 (Windows NT 6.1; Win64; x64) AppleWebKit/537.36 (KHTML, like Gecko) Chrome/90.0.4430.72 Safari/537.36"
::ffff:127.0.0.1 - - [17/Apr/2021:05:57:45 +0000] "GET /api/v1/blog HTTP/1.1" 304 - "http://localhost:3000/" "Mozilla/5.0 (Windows NT 6.1; Win64; x64) AppleWebKit/537.36 (KHTML, like Gecko) Chrome/90.0.4430.72 Safari/537.36"
::ffff:127.0.0.1 - - [17/Apr/2021:05:57:45 +0000] "GET /api/v1/user/undefined HTTP/1.1" 500 408 "http://localhost:3000/" "Mozilla/5.0 (Windows NT 6.1; Win64; x64) AppleWebKit/537.36 (KHTML, like Gecko) Chrome/90.0.4430.72 Safari/537.36"
::1 - - [17/Apr/2021:05:57:45 +0000] "GET /api/v1/blog/photo/null HTTP/1.1" 404 236 "http://localhost:3000/" "Mozilla/5.0 (Windows NT 6.1; Win64; x64) AppleWebKit/537.36 (KHTML, like Gecko) Chrome/90.0.4430.72 Safari/537.36"
::ffff:127.0.0.1 - - [17/Apr/2021:05:57:47 +0000] "DELETE /api/v1/blog/23 HTTP/1.1" 200 142 "http://localhost:3000/" "Mozilla/5.0 (Windows NT 6.1; Win64; x64) AppleWebKit/537.36 (KHTML, like Gecko) Chrome/90.0.4430.72 Safari/537.36"
::ffff:127.0.0.1 - - [17/Apr/2021:05:57:48 +0000] "GET /api/v1/blog/undefined HTTP/1.1" 500 398 "http://localhost:3000/" "Mozilla/5.0 (Windows NT 6.1; Win64; x64) AppleWebKit/537.36 (KHTML, like Gecko) Chrome/90.0.4430.72 Safari/537.36"
::ffff:127.0.0.1 - - [17/Apr/2021:05:57:48 +0000] "GET /api/v1/blog HTTP/1.1" 200 300 "http://localhost:3000/" "Mozilla/5.0 (Windows NT 6.1; Win64; x64) AppleWebKit/537.36 (KHTML, like Gecko) Chrome/90.0.4430.72 Safari/537.36"
::ffff:127.0.0.1 - - [17/Apr/2021:05:57:48 +0000] "GET /api/v1/user/undefined HTTP/1.1" 500 408 "http://localhost:3000/" "Mozilla/5.0 (Windows NT 6.1; Win64; x64) AppleWebKit/537.36 (KHTML, like Gecko) Chrome/90.0.4430.72 Safari/537.36"
::1 - - [17/Apr/2021:05:57:48 +0000] "GET /api/v1/blog/photo/null HTTP/1.1" 404 236 "http://localhost:3000/" "Mozilla/5.0 (Windows NT 6.1; Win64; x64) AppleWebKit/537.36 (KHTML, like Gecko) Chrome/90.0.4430.72 Safari/537.36"
::ffff:127.0.0.1 - - [17/Apr/2021:05:57:49 +0000] "DELETE /api/v1/blog/24 HTTP/1.1" 200 142 "http://localhost:3000/" "Mozilla/5.0 (Windows NT 6.1; Win64; x64) AppleWebKit/537.36 (KHTML, like Gecko) Chrome/90.0.4430.72 Safari/537.36"
::ffff:127.0.0.1 - - [17/Apr/2021:05:57:50 +0000] "GET /api/v1/blog/undefined HTTP/1.1" 500 398 "http://localhost:3000/" "Mozilla/5.0 (Windows NT 6.1; Win64; x64) AppleWebKit/537.36 (KHTML, like Gecko) Chrome/90.0.4430.72 Safari/537.36"
::ffff:127.0.0.1 - - [17/Apr/2021:05:57:50 +0000] "GET /api/v1/blog HTTP/1.1" 200 214 "http://localhost:3000/" "Mozilla/5.0 (Windows NT 6.1; Win64; x64) AppleWebKit/537.36 (KHTML, like Gecko) Chrome/90.0.4430.72 Safari/537.36"
::ffff:127.0.0.1 - - [17/Apr/2021:05:57:50 +0000] "GET /api/v1/user/undefined HTTP/1.1" 500 408 "http://localhost:3000/" "Mozilla/5.0 (Windows NT 6.1; Win64; x64) AppleWebKit/537.36 (KHTML, like Gecko) Chrome/90.0.4430.72 Safari/537.36"
::1 - - [17/Apr/2021:05:57:50 +0000] "GET /api/v1/blog/photo/null HTTP/1.1" 404 236 "http://localhost:3000/" "Mozilla/5.0 (Windows NT 6.1; Win64; x64) AppleWebKit/537.36 (KHTML, like Gecko) Chrome/90.0.4430.72 Safari/537.36"
::ffff:127.0.0.1 - - [17/Apr/2021:05:57:50 +0000] "DELETE /api/v1/blog/25 HTTP/1.1" 200 142 "http://localhost:3000/" "Mozilla/5.0 (Windows NT 6.1; Win64; x64) AppleWebKit/537.36 (KHTML, like Gecko) Chrome/90.0.4430.72 Safari/537.36"
::ffff:127.0.0.1 - - [17/Apr/2021:05:57:51 +0000] "GET /api/v1/blog/undefined HTTP/1.1" 500 398 "http://localhost:3000/" "Mozilla/5.0 (Windows NT 6.1; Win64; x64) AppleWebKit/537.36 (KHTML, like Gecko) Chrome/90.0.4430.72 Safari/537.36"
::ffff:127.0.0.1 - - [17/Apr/2021:05:57:51 +0000] "GET /api/v1/blog HTTP/1.1" 200 128 "http://localhost:3000/" "Mozilla/5.0 (Windows NT 6.1; Win64; x64) AppleWebKit/537.36 (KHTML, like Gecko) Chrome/90.0.4430.72 Safari/537.36"
::ffff:127.0.0.1 - - [17/Apr/2021:05:57:52 +0000] "GET /api/v1/user/undefined HTTP/1.1" 500 408 "http://localhost:3000/" "Mozilla/5.0 (Windows NT 6.1; Win64; x64) AppleWebKit/537.36 (KHTML, like Gecko) Chrome/90.0.4430.72 Safari/537.36"
::1 - - [17/Apr/2021:05:57:52 +0000] "GET /api/v1/blog/photo/null HTTP/1.1" 404 236 "http://localhost:3000/" "Mozilla/5.0 (Windows NT 6.1; Win64; x64) AppleWebKit/537.36 (KHTML, like Gecko) Chrome/90.0.4430.72 Safari/537.36"
::ffff:127.0.0.1 - - [17/Apr/2021:05:57:52 +0000] "DELETE /api/v1/blog/26 HTTP/1.1" 200 149 "http://localhost:3000/" "Mozilla/5.0 (Windows NT 6.1; Win64; x64) AppleWebKit/537.36 (KHTML, like Gecko) Chrome/90.0.4430.72 Safari/537.36"
::ffff:127.0.0.1 - - [17/Apr/2021:05:57:53 +0000] "GET /api/v1/blog/undefined HTTP/1.1" 500 398 "http://localhost:3000/" "Mozilla/5.0 (Windows NT 6.1; Win64; x64) AppleWebKit/537.36 (KHTML, like Gecko) Chrome/90.0.4430.72 Safari/537.36"
::ffff:127.0.0.1 - - [17/Apr/2021:05:57:53 +0000] "GET /api/v1/blog HTTP/1.1" 200 36 "http://localhost:3000/" "Mozilla/5.0 (Windows NT 6.1; Win64; x64) AppleWebKit/537.36 (KHTML, like Gecko) Chrome/90.0.4430.72 Safari/537.36"
::ffff:127.0.0.1 - - [17/Apr/2021:05:57:53 +0000] "GET /api/v1/user/undefined HTTP/1.1" 500 408 "http://localhost:3000/" "Mozilla/5.0 (Windows NT 6.1; Win64; x64) AppleWebKit/537.36 (KHTML, like Gecko) Chrome/90.0.4430.72 Safari/537.36"
::ffff:127.0.0.1 - - [17/Apr/2021:05:57:55 +0000] "GET /api/v1/blog/undefined HTTP/1.1" 500 398 "http://localhost:3000/" "Mozilla/5.0 (Windows NT 6.1; Win64; x64) AppleWebKit/537.36 (KHTML, like Gecko) Chrome/90.0.4430.72 Safari/537.36"
::ffff:127.0.0.1 - - [17/Apr/2021:05:57:55 +0000] "GET /api/v1/user HTTP/1.1" 200 261 "http://localhost:3000/" "Mozilla/5.0 (Windows NT 6.1; Win64; x64) AppleWebKit/537.36 (KHTML, like Gecko) Chrome/90.0.4430.72 Safari/537.36"
::ffff:127.0.0.1 - - [17/Apr/2021:05:57:55 +0000] "GET /api/v1/user/undefined HTTP/1.1" 500 408 "http://localhost:3000/" "Mozilla/5.0 (Windows NT 6.1; Win64; x64) AppleWebKit/537.36 (KHTML, like Gecko) Chrome/90.0.4430.72 Safari/537.36"
::ffff:127.0.0.1 - - [17/Apr/2021:05:57:55 +0000] "GET /api/v1/blog/photo/no-profile-picture.jpg HTTP/1.1" 304 - "http://localhost:3000/" "Mozilla/5.0 (Windows NT 6.1; Win64; x64) AppleWebKit/537.36 (KHTML, like Gecko) Chrome/90.0.4430.72 Safari/537.36"
::ffff:127.0.0.1 - - [17/Apr/2021:05:58:01 +0000] "GET /api/v1/blog/undefined HTTP/1.1" 500 398 "http://localhost:3000/" "Mozilla/5.0 (Windows NT 6.1; Win64; x64) AppleWebKit/537.36 (KHTML, like Gecko) Chrome/90.0.4430.72 Safari/537.36"
::ffff:127.0.0.1 - - [17/Apr/2021:05:58:01 +0000] "GET /api/v1/blog HTTP/1.1" 304 - "http://localhost:3000/" "Mozilla/5.0 (Windows NT 6.1; Win64; x64) AppleWebKit/537.36 (KHTML, like Gecko) Chrome/90.0.4430.72 Safari/537.36"
::ffff:127.0.0.1 - - [17/Apr/2021:05:58:01 +0000] "GET /api/v1/user/undefined HTTP/1.1" 500 408 "http://localhost:3000/" "Mozilla/5.0 (Windows NT 6.1; Win64; x64) AppleWebKit/537.36 (KHTML, like Gecko) Chrome/90.0.4430.72 Safari/537.36"
::ffff:127.0.0.1 - - [17/Apr/2021:05:58:04 +0000] "GET /api/v1/blog/undefined HTTP/1.1" 500 398 "http://localhost:3000/" "Mozilla/5.0 (Windows NT 6.1; Win64; x64) AppleWebKit/537.36 (KHTML, like Gecko) Chrome/90.0.4430.72 Safari/537.36"
::ffff:127.0.0.1 - - [17/Apr/2021:05:58:04 +0000] "GET /api/v1/user/undefined HTTP/1.1" 500 408 "http://localhost:3000/" "Mozilla/5.0 (Windows NT 6.1; Win64; x64) AppleWebKit/537.36 (KHTML, like Gecko) Chrome/90.0.4430.72 Safari/537.36"
::ffff:127.0.0.1 - - [17/Apr/2021:05:58:10 +0000] "GET /api/v1/blog/undefined HTTP/1.1" 500 398 "http://localhost:3000/" "Mozilla/5.0 (Windows NT 6.1; Win64; x64) AppleWebKit/537.36 (KHTML, like Gecko) Chrome/90.0.4430.72 Safari/537.36"
::ffff:127.0.0.1 - - [17/Apr/2021:05:58:10 +0000] "GET /api/v1/blog HTTP/1.1" 304 - "http://localhost:3000/" "Mozilla/5.0 (Windows NT 6.1; Win64; x64) AppleWebKit/537.36 (KHTML, like Gecko) Chrome/90.0.4430.72 Safari/537.36"
::ffff:127.0.0.1 - - [17/Apr/2021:05:58:10 +0000] "GET /api/v1/user/undefined HTTP/1.1" 500 408 "http://localhost:3000/" "Mozilla/5.0 (Windows NT 6.1; Win64; x64) AppleWebKit/537.36 (KHTML, like Gecko) Chrome/90.0.4430.72 Safari/537.36"
::ffff:127.0.0.1 - - [17/Apr/2021:06:05:39 +0000] "GET /api/v1/blog/undefined HTTP/1.1" 500 344 "http://localhost:3000/" "Mozilla/5.0 (Windows NT 6.1; Win64; x64) AppleWebKit/537.36 (KHTML, like Gecko) Chrome/90.0.4430.72 Safari/537.36"
::ffff:127.0.0.1 - - [17/Apr/2021:06:05:39 +0000] "GET /api/v1/user/undefined HTTP/1.1" 500 354 "http://localhost:3000/" "Mozilla/5.0 (Windows NT 6.1; Win64; x64) AppleWebKit/537.36 (KHTML, like Gecko) Chrome/90.0.4430.72 Safari/537.36"
::1 - - [17/Apr/2021:06:05:49 +0000] "POST /api/v1/blog HTTP/1.1" 200 186 "http://localhost:3000/" "Mozilla/5.0 (Windows NT 6.1; Win64; x64) AppleWebKit/537.36 (KHTML, like Gecko) Chrome/90.0.4430.72 Safari/537.36"
::ffff:127.0.0.1 - - [17/Apr/2021:06:05:49 +0000] "GET /api/v1/blog/undefined HTTP/1.1" 500 344 "http://localhost:3000/" "Mozilla/5.0 (Windows NT 6.1; Win64; x64) AppleWebKit/537.36 (KHTML, like Gecko) Chrome/90.0.4430.72 Safari/537.36"
::ffff:127.0.0.1 - - [17/Apr/2021:06:05:49 +0000] "GET /api/v1/blog HTTP/1.1" 200 198 "http://localhost:3000/" "Mozilla/5.0 (Windows NT 6.1; Win64; x64) AppleWebKit/537.36 (KHTML, like Gecko) Chrome/90.0.4430.72 Safari/537.36"
::ffff:127.0.0.1 - - [17/Apr/2021:06:05:49 +0000] "GET /api/v1/user/undefined HTTP/1.1" 500 354 "http://localhost:3000/" "Mozilla/5.0 (Windows NT 6.1; Win64; x64) AppleWebKit/537.36 (KHTML, like Gecko) Chrome/90.0.4430.72 Safari/537.36"
::1 - - [17/Apr/2021:06:05:49 +0000] "GET /api/v1/blog/photo/no-blog-picture.jpg HTTP/1.1" 200 57424 "http://localhost:3000/" "Mozilla/5.0 (Windows NT 6.1; Win64; x64) AppleWebKit/537.36 (KHTML, like Gecko) Chrome/90.0.4430.72 Safari/537.36"
::ffff:127.0.0.1 - - [17/Apr/2021:06:07:30 +0000] "GET /api/v1/blog/undefined HTTP/1.1" 500 550 "http://localhost:3000/" "Mozilla/5.0 (Windows NT 6.1; Win64; x64) AppleWebKit/537.36 (KHTML, like Gecko) Chrome/90.0.4430.72 Safari/537.36"
::ffff:127.0.0.1 - - [17/Apr/2021:06:07:30 +0000] "GET /api/v1/user/undefined HTTP/1.1" 500 354 "http://localhost:3000/" "Mozilla/5.0 (Windows NT 6.1; Win64; x64) AppleWebKit/537.36 (KHTML, like Gecko) Chrome/90.0.4430.72 Safari/537.36"
::1 - - [17/Apr/2021:06:07:58 +0000] "POST /api/v1/blog HTTP/1.1" 200 1220 "http://localhost:3000/" "Mozilla/5.0 (Windows NT 6.1; Win64; x64) AppleWebKit/537.36 (KHTML, like Gecko) Chrome/90.0.4430.72 Safari/537.36"
::ffff:127.0.0.1 - - [17/Apr/2021:06:07:59 +0000] "GET /api/v1/blog/undefined HTTP/1.1" 500 550 "http://localhost:3000/" "Mozilla/5.0 (Windows NT 6.1; Win64; x64) AppleWebKit/537.36 (KHTML, like Gecko) Chrome/90.0.4430.72 Safari/537.36"
::ffff:127.0.0.1 - - [17/Apr/2021:06:07:59 +0000] "GET /api/v1/blog HTTP/1.1" 500 550 "http://localhost:3000/" "Mozilla/5.0 (Windows NT 6.1; Win64; x64) AppleWebKit/537.36 (KHTML, like Gecko) Chrome/90.0.4430.72 Safari/537.36"
::ffff:127.0.0.1 - - [17/Apr/2021:06:07:59 +0000] "GET /api/v1/user/undefined HTTP/1.1" 500 354 "http://localhost:3000/" "Mozilla/5.0 (Windows NT 6.1; Win64; x64) AppleWebKit/537.36 (KHTML, like Gecko) Chrome/90.0.4430.72 Safari/537.36"
::1 - - [17/Apr/2021:06:08:46 +0000] "GET /api/v1/blog HTTP/1.1" 500 550 "-" "Mozilla/5.0 (Windows NT 6.1; Win64; x64) AppleWebKit/537.36 (KHTML, like Gecko) Chrome/90.0.4430.72 Safari/537.36"
::1 - - [17/Apr/2021:06:12:05 +0000] "GET /api/v1/blog HTTP/1.1" 200 36 "-" "Mozilla/5.0 (Windows NT 6.1; Win64; x64) AppleWebKit/537.36 (KHTML, like Gecko) Chrome/90.0.4430.72 Safari/537.36"
::1 - - [17/Apr/2021:06:12:06 +0000] "GET /favicon.ico HTTP/1.1" 404 150 "http://localhost:8000/api/v1/blog" "Mozilla/5.0 (Windows NT 6.1; Win64; x64) AppleWebKit/537.36 (KHTML, like Gecko) Chrome/90.0.4430.72 Safari/537.36"
::ffff:127.0.0.1 - - [17/Apr/2021:06:12:13 +0000] "GET /api/v1/blog/undefined HTTP/1.1" 500 344 "http://localhost:3000/" "Mozilla/5.0 (Windows NT 6.1; Win64; x64) AppleWebKit/537.36 (KHTML, like Gecko) Chrome/90.0.4430.72 Safari/537.36"
::ffff:127.0.0.1 - - [17/Apr/2021:06:12:13 +0000] "GET /api/v1/user/undefined HTTP/1.1" 500 354 "http://localhost:3000/" "Mozilla/5.0 (Windows NT 6.1; Win64; x64) AppleWebKit/537.36 (KHTML, like Gecko) Chrome/90.0.4430.72 Safari/537.36"
::1 - - [17/Apr/2021:06:12:30 +0000] "POST /api/v1/blog HTTP/1.1" 200 861 "http://localhost:3000/" "Mozilla/5.0 (Windows NT 6.1; Win64; x64) AppleWebKit/537.36 (KHTML, like Gecko) Chrome/90.0.4430.72 Safari/537.36"
::ffff:127.0.0.1 - - [17/Apr/2021:06:12:31 +0000] "GET /api/v1/blog/undefined HTTP/1.1" 500 344 "http://localhost:3000/" "Mozilla/5.0 (Windows NT 6.1; Win64; x64) AppleWebKit/537.36 (KHTML, like Gecko) Chrome/90.0.4430.72 Safari/537.36"
::ffff:127.0.0.1 - - [17/Apr/2021:06:12:31 +0000] "GET /api/v1/blog HTTP/1.1" 200 887 "http://localhost:3000/" "Mozilla/5.0 (Windows NT 6.1; Win64; x64) AppleWebKit/537.36 (KHTML, like Gecko) Chrome/90.0.4430.72 Safari/537.36"
::ffff:127.0.0.1 - - [17/Apr/2021:06:12:31 +0000] "GET /api/v1/user/undefined HTTP/1.1" 500 354 "http://localhost:3000/" "Mozilla/5.0 (Windows NT 6.1; Win64; x64) AppleWebKit/537.36 (KHTML, like Gecko) Chrome/90.0.4430.72 Safari/537.36"
::1 - - [17/Apr/2021:06:12:31 +0000] "GET /api/v1/blog/photo/no-blog-picture.jpg HTTP/1.1" 304 - "http://localhost:3000/" "Mozilla/5.0 (Windows NT 6.1; Win64; x64) AppleWebKit/537.36 (KHTML, like Gecko) Chrome/90.0.4430.72 Safari/537.36"
::ffff:127.0.0.1 - - [17/Apr/2021:06:13:46 +0000] "GET /api/v1/blog/undefined HTTP/1.1" 500 344 "http://localhost:3000/" "Mozilla/5.0 (Windows NT 6.1; Win64; x64) AppleWebKit/537.36 (KHTML, like Gecko) Chrome/90.0.4430.72 Safari/537.36"
::ffff:127.0.0.1 - - [17/Apr/2021:06:13:46 +0000] "GET /api/v1/blog HTTP/1.1" 304 - "http://localhost:3000/" "Mozilla/5.0 (Windows NT 6.1; Win64; x64) AppleWebKit/537.36 (KHTML, like Gecko) Chrome/90.0.4430.72 Safari/537.36"
::ffff:127.0.0.1 - - [17/Apr/2021:06:13:46 +0000] "GET /api/v1/user/undefined HTTP/1.1" 500 354 "http://localhost:3000/" "Mozilla/5.0 (Windows NT 6.1; Win64; x64) AppleWebKit/537.36 (KHTML, like Gecko) Chrome/90.0.4430.72 Safari/537.36"
::1 - - [17/Apr/2021:06:13:46 +0000] "GET /api/v1/blog/photo/no-blog-picture.jpg HTTP/1.1" 304 - "http://localhost:3000/" "Mozilla/5.0 (Windows NT 6.1; Win64; x64) AppleWebKit/537.36 (KHTML, like Gecko) Chrome/90.0.4430.72 Safari/537.36"
::ffff:127.0.0.1 - - [17/Apr/2021:07:08:46 +0000] "GET /api/v1/blog HTTP/1.1" 200 36 "http://localhost:3000/" "Mozilla/5.0 (Windows NT 10.0; Win64; x64) AppleWebKit/537.36 (KHTML, like Gecko) Chrome/90.0.4430.72 Safari/537.36"
::ffff:127.0.0.1 - - [17/Apr/2021:07:08:46 +0000] "GET /api/v1/blog/undefined HTTP/1.1" 500 347 "http://localhost:3000/" "Mozilla/5.0 (Windows NT 10.0; Win64; x64) AppleWebKit/537.36 (KHTML, like Gecko) Chrome/90.0.4430.72 Safari/537.36"
::ffff:127.0.0.1 - - [17/Apr/2021:07:08:46 +0000] "GET /api/v1/blog HTTP/1.1" 304 - "http://localhost:3000/" "Mozilla/5.0 (Windows NT 10.0; Win64; x64) AppleWebKit/537.36 (KHTML, like Gecko) Chrome/90.0.4430.72 Safari/537.36"
::ffff:127.0.0.1 - - [17/Apr/2021:07:08:46 +0000] "GET /api/v1/blog/undefined HTTP/1.1" 500 347 "http://localhost:3000/" "Mozilla/5.0 (Windows NT 10.0; Win64; x64) AppleWebKit/537.36 (KHTML, like Gecko) Chrome/90.0.4430.72 Safari/537.36"
::1 - - [17/Apr/2021:07:09:31 +0000] "POST /api/v1/register HTTP/1.1" 200 404 "http://localhost:3000/" "Mozilla/5.0 (Windows NT 10.0; Win64; x64) AppleWebKit/537.36 (KHTML, like Gecko) Chrome/90.0.4430.72 Safari/537.36"
::ffff:127.0.0.1 - - [17/Apr/2021:07:09:32 +0000] "GET /api/v1/blog/undefined HTTP/1.1" 500 347 "http://localhost:3000/" "Mozilla/5.0 (Windows NT 10.0; Win64; x64) AppleWebKit/537.36 (KHTML, like Gecko) Chrome/90.0.4430.72 Safari/537.36"
::ffff:127.0.0.1 - - [17/Apr/2021:07:09:32 +0000] "GET /api/v1/blog HTTP/1.1" 304 - "http://localhost:3000/" "Mozilla/5.0 (Windows NT 10.0; Win64; x64) AppleWebKit/537.36 (KHTML, like Gecko) Chrome/90.0.4430.72 Safari/537.36"
::ffff:127.0.0.1 - - [17/Apr/2021:07:09:41 +0000] "GET /api/v1/blog/undefined HTTP/1.1" 500 347 "http://localhost:3000/" "Mozilla/5.0 (Windows NT 10.0; Win64; x64) AppleWebKit/537.36 (KHTML, like Gecko) Chrome/90.0.4430.72 Safari/537.36"
::ffff:127.0.0.1 - - [17/Apr/2021:07:09:41 +0000] "GET /api/v1/user/undefined HTTP/1.1" 500 357 "http://localhost:3000/" "Mozilla/5.0 (Windows NT 10.0; Win64; x64) AppleWebKit/537.36 (KHTML, like Gecko) Chrome/90.0.4430.72 Safari/537.36"
::1 - - [17/Apr/2021:07:10:17 +0000] "POST /api/v1/blog HTTP/1.1" 200 893 "http://localhost:3000/" "Mozilla/5.0 (Windows NT 10.0; Win64; x64) AppleWebKit/537.36 (KHTML, like Gecko) Chrome/90.0.4430.72 Safari/537.36"
::ffff:127.0.0.1 - - [17/Apr/2021:07:10:18 +0000] "GET /api/v1/blog/undefined HTTP/1.1" 500 347 "http://localhost:3000/" "Mozilla/5.0 (Windows NT 10.0; Win64; x64) AppleWebKit/537.36 (KHTML, like Gecko) Chrome/90.0.4430.72 Safari/537.36"
::ffff:127.0.0.1 - - [17/Apr/2021:07:10:18 +0000] "GET /api/v1/user/undefined HTTP/1.1" 500 357 "http://localhost:3000/" "Mozilla/5.0 (Windows NT 10.0; Win64; x64) AppleWebKit/537.36 (KHTML, like Gecko) Chrome/90.0.4430.72 Safari/537.36"
::ffff:127.0.0.1 - - [17/Apr/2021:07:10:18 +0000] "GET /api/v1/blog HTTP/1.1" 200 919 "http://localhost:3000/" "Mozilla/5.0 (Windows NT 10.0; Win64; x64) AppleWebKit/537.36 (KHTML, like Gecko) Chrome/90.0.4430.72 Safari/537.36"
::1 - - [17/Apr/2021:07:10:18 +0000] "GET /api/v1/blog/photo/no-blog-picture.jpg HTTP/1.1" 200 57424 "http://localhost:3000/" "Mozilla/5.0 (Windows NT 10.0; Win64; x64) AppleWebKit/537.36 (KHTML, like Gecko) Chrome/90.0.4430.72 Safari/537.36"
::ffff:127.0.0.1 - - [17/Apr/2021:07:10:29 +0000] "GET /api/v1/blog/undefined HTTP/1.1" 500 347 "http://localhost:3000/" "Mozilla/5.0 (Windows NT 10.0; Win64; x64) AppleWebKit/537.36 (KHTML, like Gecko) Chrome/90.0.4430.72 Safari/537.36"
::ffff:127.0.0.1 - - [17/Apr/2021:07:10:29 +0000] "GET /api/v1/user HTTP/1.1" 200 277 "http://localhost:3000/" "Mozilla/5.0 (Windows NT 10.0; Win64; x64) AppleWebKit/537.36 (KHTML, like Gecko) Chrome/90.0.4430.72 Safari/537.36"
::ffff:127.0.0.1 - - [17/Apr/2021:07:10:29 +0000] "GET /api/v1/blog/photo/no-profile-picture.jpg HTTP/1.1" 200 28350 "http://localhost:3000/" "Mozilla/5.0 (Windows NT 10.0; Win64; x64) AppleWebKit/537.36 (KHTML, like Gecko) Chrome/90.0.4430.72 Safari/537.36"
::ffff:127.0.0.1 - - [17/Apr/2021:07:10:30 +0000] "GET /api/v1/blog HTTP/1.1" 304 - "http://localhost:3000/" "Mozilla/5.0 (Windows NT 10.0; Win64; x64) AppleWebKit/537.36 (KHTML, like Gecko) Chrome/90.0.4430.72 Safari/537.36"
::ffff:127.0.0.1 - - [17/Apr/2021:07:10:30 +0000] "GET /api/v1/blog/undefined HTTP/1.1" 500 347 "http://localhost:3000/" "Mozilla/5.0 (Windows NT 10.0; Win64; x64) AppleWebKit/537.36 (KHTML, like Gecko) Chrome/90.0.4430.72 Safari/537.36"
::1 - - [17/Apr/2021:07:10:30 +0000] "GET /api/v1/blog/photo/no-blog-picture.jpg HTTP/1.1" 304 - "http://localhost:3000/" "Mozilla/5.0 (Windows NT 10.0; Win64; x64) AppleWebKit/537.36 (KHTML, like Gecko) Chrome/90.0.4430.72 Safari/537.36"
::ffff:127.0.0.1 - - [17/Apr/2021:07:10:33 +0000] "GET /api/v1/blog/photo/no-profile-picture.jpg HTTP/1.1" 304 - "http://localhost:3000/" "Mozilla/5.0 (Windows NT 10.0; Win64; x64) AppleWebKit/537.36 (KHTML, like Gecko) Chrome/90.0.4430.72 Safari/537.36"
::1 - - [17/Apr/2021:07:10:34 +0000] "GET /api/v1/blog/photo/no-blog-picture.jpg HTTP/1.1" 304 - "http://localhost:3000/" "Mozilla/5.0 (Windows NT 10.0; Win64; x64) AppleWebKit/537.36 (KHTML, like Gecko) Chrome/90.0.4430.72 Safari/537.36"
::1 - - [17/Apr/2021:07:10:35 +0000] "GET /api/v1/blog/photo/no-blog-picture.jpg HTTP/1.1" 304 - "http://localhost:3000/" "Mozilla/5.0 (Windows NT 10.0; Win64; x64) AppleWebKit/537.36 (KHTML, like Gecko) Chrome/90.0.4430.72 Safari/537.36"
::ffff:127.0.0.1 - - [17/Apr/2021:07:10:40 +0000] "GET /api/v1/blog/undefined HTTP/1.1" 500 347 "http://localhost:3000/" "Mozilla/5.0 (Windows NT 10.0; Win64; x64) AppleWebKit/537.36 (KHTML, like Gecko) Chrome/90.0.4430.72 Safari/537.36"
::ffff:127.0.0.1 - - [17/Apr/2021:07:10:40 +0000] "GET /api/v1/blog HTTP/1.1" 304 - "http://localhost:3000/" "Mozilla/5.0 (Windows NT 10.0; Win64; x64) AppleWebKit/537.36 (KHTML, like Gecko) Chrome/90.0.4430.72 Safari/537.36"
::1 - - [17/Apr/2021:07:10:40 +0000] "GET /api/v1/blog/photo/no-blog-picture.jpg HTTP/1.1" 304 - "http://localhost:3000/" "Mozilla/5.0 (Windows NT 10.0; Win64; x64) AppleWebKit/537.36 (KHTML, like Gecko) Chrome/90.0.4430.72 Safari/537.36"
::ffff:127.0.0.1 - - [17/Apr/2021:07:10:40 +0000] "GET /api/v1/blog/undefined HTTP/1.1" 500 347 "http://localhost:3000/" "Mozilla/5.0 (Windows NT 10.0; Win64; x64) AppleWebKit/537.36 (KHTML, like Gecko) Chrome/90.0.4430.72 Safari/537.36"
::ffff:127.0.0.1 - - [17/Apr/2021:07:10:40 +0000] "GET /api/v1/blog HTTP/1.1" 304 - "http://localhost:3000/" "Mozilla/5.0 (Windows NT 10.0; Win64; x64) AppleWebKit/537.36 (KHTML, like Gecko) Chrome/90.0.4430.72 Safari/537.36"
::ffff:127.0.0.1 - - [17/Apr/2021:07:10:43 +0000] "GET /api/v1/blog/1 HTTP/1.1" 200 907 "http://localhost:3000/" "Mozilla/5.0 (Windows NT 10.0; Win64; x64) AppleWebKit/537.36 (KHTML, like Gecko) Chrome/90.0.4430.72 Safari/537.36"
::ffff:127.0.0.1 - - [17/Apr/2021:07:10:43 +0000] "GET /api/v1/blog HTTP/1.1" 304 - "http://localhost:3000/" "Mozilla/5.0 (Windows NT 10.0; Win64; x64) AppleWebKit/537.36 (KHTML, like Gecko) Chrome/90.0.4430.72 Safari/537.36"
::1 - - [17/Apr/2021:07:10:43 +0000] "GET /api/v1/blog/photo/no-blog-picture.jpg HTTP/1.1" 304 - "http://localhost:3000/" "Mozilla/5.0 (Windows NT 10.0; Win64; x64) AppleWebKit/537.36 (KHTML, like Gecko) Chrome/90.0.4430.72 Safari/537.36"
::1 - - [17/Apr/2021:07:10:45 +0000] "GET /api/v1/blog/photo/no-blog-picture.jpg HTTP/1.1" 304 - "http://localhost:3000/" "Mozilla/5.0 (Windows NT 10.0; Win64; x64) AppleWebKit/537.36 (KHTML, like Gecko) Chrome/90.0.4430.72 Safari/537.36"
::ffff:127.0.0.1 - - [17/Apr/2021:07:10:51 +0000] "GET /api/v1/user HTTP/1.1" 304 - "http://localhost:3000/" "Mozilla/5.0 (Windows NT 10.0; Win64; x64) AppleWebKit/537.36 (KHTML, like Gecko) Chrome/90.0.4430.72 Safari/537.36"
::ffff:127.0.0.1 - - [17/Apr/2021:07:10:51 +0000] "GET /api/v1/blog/undefined HTTP/1.1" 500 347 "http://localhost:3000/" "Mozilla/5.0 (Windows NT 10.0; Win64; x64) AppleWebKit/537.36 (KHTML, like Gecko) Chrome/90.0.4430.72 Safari/537.36"
::1 - - [17/Apr/2021:07:10:51 +0000] "GET /api/v1/blog/photo/no-profile-picture.jpg HTTP/1.1" 200 28350 "http://localhost:3000/" "Mozilla/5.0 (Windows NT 10.0; Win64; x64) AppleWebKit/537.36 (KHTML, like Gecko) Chrome/90.0.4430.72 Safari/537.36"
::ffff:127.0.0.1 - - [17/Apr/2021:07:10:53 +0000] "GET /api/v1/blog/undefined HTTP/1.1" 500 347 "http://localhost:3000/" "Mozilla/5.0 (Windows NT 10.0; Win64; x64) AppleWebKit/537.36 (KHTML, like Gecko) Chrome/90.0.4430.72 Safari/537.36"
::ffff:127.0.0.1 - - [17/Apr/2021:07:10:53 +0000] "GET /api/v1/blog HTTP/1.1" 304 - "http://localhost:3000/" "Mozilla/5.0 (Windows NT 10.0; Win64; x64) AppleWebKit/537.36 (KHTML, like Gecko) Chrome/90.0.4430.72 Safari/537.36"
::ffff:127.0.0.1 - - [17/Apr/2021:07:10:53 +0000] "GET /api/v1/blog HTTP/1.1" 304 - "http://localhost:3000/" "Mozilla/5.0 (Windows NT 10.0; Win64; x64) AppleWebKit/537.36 (KHTML, like Gecko) Chrome/90.0.4430.72 Safari/537.36"
::1 - - [17/Apr/2021:07:10:53 +0000] "GET /api/v1/blog/photo/no-blog-picture.jpg HTTP/1.1" 304 - "http://localhost:3000/" "Mozilla/5.0 (Windows NT 10.0; Win64; x64) AppleWebKit/537.36 (KHTML, like Gecko) Chrome/90.0.4430.72 Safari/537.36"
::ffff:127.0.0.1 - - [17/Apr/2021:07:10:53 +0000] "GET /api/v1/blog/undefined HTTP/1.1" 500 347 "http://localhost:3000/" "Mozilla/5.0 (Windows NT 10.0; Win64; x64) AppleWebKit/537.36 (KHTML, like Gecko) Chrome/90.0.4430.72 Safari/537.36"
::ffff:127.0.0.1 - - [17/Apr/2021:07:11:10 +0000] "GET /api/v1/blog HTTP/1.1" 304 - "http://localhost:3000/" "Mozilla/5.0 (Windows NT 10.0; Win64; x64) AppleWebKit/537.36 (KHTML, like Gecko) Chrome/90.0.4430.72 Safari/537.36"
::ffff:127.0.0.1 - - [17/Apr/2021:07:11:10 +0000] "GET /api/v1/blog/1 HTTP/1.1" 304 - "http://localhost:3000/" "Mozilla/5.0 (Windows NT 10.0; Win64; x64) AppleWebKit/537.36 (KHTML, like Gecko) Chrome/90.0.4430.72 Safari/537.36"
::1 - - [17/Apr/2021:07:11:10 +0000] "GET /api/v1/blog/photo/no-blog-picture.jpg HTTP/1.1" 304 - "http://localhost:3000/" "Mozilla/5.0 (Windows NT 10.0; Win64; x64) AppleWebKit/537.36 (KHTML, like Gecko) Chrome/90.0.4430.72 Safari/537.36"
::1 - - [17/Apr/2021:07:11:13 +0000] "GET /api/v1/blog/photo/no-blog-picture.jpg HTTP/1.1" 304 - "http://localhost:3000/" "Mozilla/5.0 (Windows NT 10.0; Win64; x64) AppleWebKit/537.36 (KHTML, like Gecko) Chrome/90.0.4430.72 Safari/537.36"
::ffff:127.0.0.1 - - [17/Apr/2021:07:20:27 +0000] "GET /api/v1/blog/undefined HTTP/1.1" 500 347 "http://localhost:3000/" "Mozilla/5.0 (Windows NT 10.0; Win64; x64) AppleWebKit/537.36 (KHTML, like Gecko) Chrome/90.0.4430.72 Safari/537.36"
::ffff:127.0.0.1 - - [17/Apr/2021:07:20:27 +0000] "GET /api/v1/blog HTTP/1.1" 304 - "http://localhost:3000/" "Mozilla/5.0 (Windows NT 10.0; Win64; x64) AppleWebKit/537.36 (KHTML, like Gecko) Chrome/90.0.4430.72 Safari/537.36"
::ffff:127.0.0.1 - - [17/Apr/2021:07:20:27 +0000] "GET /api/v1/blog/undefined HTTP/1.1" 500 347 "http://localhost:3000/" "Mozilla/5.0 (Windows NT 10.0; Win64; x64) AppleWebKit/537.36 (KHTML, like Gecko) Chrome/90.0.4430.72 Safari/537.36"
::ffff:127.0.0.1 - - [17/Apr/2021:07:20:27 +0000] "GET /api/v1/blog HTTP/1.1" 304 - "http://localhost:3000/" "Mozilla/5.0 (Windows NT 10.0; Win64; x64) AppleWebKit/537.36 (KHTML, like Gecko) Chrome/90.0.4430.72 Safari/537.36"
::1 - - [17/Apr/2021:07:20:27 +0000] "GET /api/v1/blog/photo/no-blog-picture.jpg HTTP/1.1" 304 - "http://localhost:3000/" "Mozilla/5.0 (Windows NT 10.0; Win64; x64) AppleWebKit/537.36 (KHTML, like Gecko) Chrome/90.0.4430.72 Safari/537.36"
::ffff:127.0.0.1 - - [17/Apr/2021:07:20:42 +0000] "GET /api/v1/blog HTTP/1.1" 304 - "http://localhost:3000/" "Mozilla/5.0 (Windows NT 10.0; Win64; x64) AppleWebKit/537.36 (KHTML, like Gecko) Chrome/90.0.4430.72 Safari/537.36"
::ffff:127.0.0.1 - - [17/Apr/2021:07:20:42 +0000] "GET /api/v1/blog/undefined HTTP/1.1" 500 347 "http://localhost:3000/" "Mozilla/5.0 (Windows NT 10.0; Win64; x64) AppleWebKit/537.36 (KHTML, like Gecko) Chrome/90.0.4430.72 Safari/537.36"
